// Jest Snapshot v1, https://goo.gl/fbAQLP

exports[`driver standings 1`] = `
[
  {
    "driver": "Max Verstappen",
    "nationality": "NED",
    "points": 366,
    "position": 1,
    "team": "Red Bull Racing RBPT",
  },
  {
    "driver": "Sergio Perez",
    "nationality": "MEX",
    "points": 253,
    "position": 2,
    "team": "Red Bull Racing RBPT",
  },
  {
    "driver": "Charles Leclerc",
    "nationality": "MON",
    "points": 252,
    "position": 3,
    "team": "Ferrari",
  },
  {
    "driver": "George Russell",
    "nationality": "GBR",
    "points": 207,
    "position": 4,
    "team": "Mercedes",
  },
  {
    "driver": "Carlos Sainz",
    "nationality": "ESP",
    "points": 202,
    "position": 5,
    "team": "Ferrari",
  },
  {
    "driver": "Lewis Hamilton",
    "nationality": "GBR",
    "points": 180,
    "position": 6,
    "team": "Mercedes",
  },
  {
    "driver": "Lando Norris",
    "nationality": "GBR",
    "points": 101,
    "position": 7,
    "team": "McLaren Mercedes",
  },
  {
    "driver": "Esteban Ocon",
    "nationality": "FRA",
    "points": 78,
    "position": 8,
    "team": "Alpine Renault",
  },
  {
    "driver": "Fernando Alonso",
    "nationality": "ESP",
    "points": 65,
    "position": 9,
    "team": "Alpine Renault",
  },
  {
    "driver": "Valtteri Bottas",
    "nationality": "FIN",
    "points": 46,
    "position": 10,
    "team": "Alfa Romeo Ferrari",
  },
  {
    "driver": "Sebastian Vettel",
    "nationality": "GER",
    "points": 32,
    "position": 11,
    "team": "Aston Martin Aramco Mercedes",
  },
  {
    "driver": "Daniel Ricciardo",
    "nationality": "AUS",
    "points": 29,
    "position": 12,
    "team": "McLaren Mercedes",
  },
  {
    "driver": "Pierre Gasly",
    "nationality": "FRA",
    "points": 23,
    "position": 13,
    "team": "AlphaTauri RBPT",
  },
  {
    "driver": "Kevin Magnussen",
    "nationality": "DEN",
    "points": 22,
    "position": 14,
    "team": "Haas Ferrari",
  },
  {
    "driver": "Lance Stroll",
    "nationality": "CAN",
    "points": 13,
    "position": 15,
    "team": "Aston Martin Aramco Mercedes",
  },
  {
    "driver": "Mick Schumacher",
    "nationality": "GER",
    "points": 12,
    "position": 16,
    "team": "Haas Ferrari",
  },
  {
    "driver": "Yuki Tsunoda",
    "nationality": "JPN",
    "points": 11,
    "position": 17,
    "team": "AlphaTauri RBPT",
  },
  {
    "driver": "Zhou Guanyu",
    "nationality": "CHN",
    "points": 6,
    "position": 18,
    "team": "Alfa Romeo Ferrari",
  },
  {
    "driver": "Alexander Albon",
    "nationality": "THA",
    "points": 4,
    "position": 19,
    "team": "Williams Mercedes",
  },
  {
    "driver": "Nicholas Latifi",
    "nationality": "CAN",
    "points": 2,
    "position": 20,
    "team": "Williams Mercedes",
  },
  {
    "driver": "Nyck De Vries",
    "nationality": "NED",
    "points": 2,
    "position": 21,
    "team": "Williams Mercedes",
  },
  {
    "driver": "Nico Hulkenberg",
    "nationality": "GER",
    "points": 0,
    "position": 22,
    "team": "Aston Martin Aramco Mercedes",
  },
]
`;
