// Jest Snapshot v1, https://goo.gl/fbAQLP

exports[`constrcutor standings 1`] = `
[
  {
    "points": 656,
    "position": 1,
    "team": "Red Bull Racing RBPT",
  },
  {
    "points": 469,
    "position": 2,
    "team": "Ferrari",
  },
  {
    "points": 416,
    "position": 3,
    "team": "Mercedes",
  },
  {
    "points": 144,
    "position": 4,
    "team": "Alpine Renault",
  },
  {
    "points": 138,
    "position": 5,
    "team": "McLaren Mercedes",
  },
  {
    "points": 52,
    "position": 6,
    "team": "Alfa Romeo Ferrari",
  },
  {
    "points": 51,
    "position": 7,
    "team": "Aston Martin Aramco Mercedes",
  },
  {
    "points": 38,
    "position": 8,
    "team": "Haas Ferrari",
  },
  {
    "points": 36,
    "position": 9,
    "team": "AlphaTauri RBPT",
  },
  {
    "points": 8,
    "position": 10,
    "team": "Williams Mercedes",
  },
]
`;
