// Jest Snapshot v1, https://goo.gl/fbAQLP

exports[`get race results 1`] = `
[
  {
    "car": "Ferrari",
    "date": 2000-03-11T23:00:00.000Z,
    "grandPrix": "Australia",
    "laps": 58,
    "time": "1:34:01.987",
    "winner": "Michael Schumacher",
  },
  {
    "car": "Ferrari",
    "date": 2000-03-25T23:00:00.000Z,
    "grandPrix": "Brazil",
    "laps": 71,
    "time": "1:31:35.271",
    "winner": "Michael Schumacher",
  },
  {
    "car": "Ferrari",
    "date": 2000-04-08T22:00:00.000Z,
    "grandPrix": "San Marino",
    "laps": 62,
    "time": "1:31:39.776",
    "winner": "Michael Schumacher",
  },
  {
    "car": "McLaren Mercedes",
    "date": 2000-04-22T22:00:00.000Z,
    "grandPrix": "Great Britain",
    "laps": 60,
    "time": "1:28:50.108",
    "winner": "David Coulthard",
  },
  {
    "car": "McLaren Mercedes",
    "date": 2000-05-06T22:00:00.000Z,
    "grandPrix": "Spain",
    "laps": 65,
    "time": "1:33:55.390",
    "winner": "Mika Hakkinen",
  },
  {
    "car": "Ferrari",
    "date": 2000-05-20T22:00:00.000Z,
    "grandPrix": "Europe",
    "laps": 67,
    "time": "1:42:00.307",
    "winner": "Michael Schumacher",
  },
  {
    "car": "McLaren Mercedes",
    "date": 2000-06-03T22:00:00.000Z,
    "grandPrix": "Monaco",
    "laps": 78,
    "time": "1:49:28.213",
    "winner": "David Coulthard",
  },
  {
    "car": "Ferrari",
    "date": 2000-06-17T22:00:00.000Z,
    "grandPrix": "Canada",
    "laps": 69,
    "time": "1:41:12.313",
    "winner": "Michael Schumacher",
  },
  {
    "car": "McLaren Mercedes",
    "date": 2000-07-01T22:00:00.000Z,
    "grandPrix": "France",
    "laps": 72,
    "time": "1:38:05.538",
    "winner": "David Coulthard",
  },
  {
    "car": "McLaren Mercedes",
    "date": 2000-07-15T22:00:00.000Z,
    "grandPrix": "Austria",
    "laps": 71,
    "time": "1:28:15.818",
    "winner": "Mika Hakkinen",
  },
  {
    "car": "Ferrari",
    "date": 2000-07-29T22:00:00.000Z,
    "grandPrix": "Germany",
    "laps": 45,
    "time": "1:25:34.418",
    "winner": "Rubens Barrichello",
  },
  {
    "car": "McLaren Mercedes",
    "date": 2000-08-12T22:00:00.000Z,
    "grandPrix": "Hungary",
    "laps": 77,
    "time": "1:45:33.869",
    "winner": "Mika Hakkinen",
  },
  {
    "car": "McLaren Mercedes",
    "date": 2000-08-26T22:00:00.000Z,
    "grandPrix": "Belgium",
    "laps": 44,
    "time": "1:28:14.494",
    "winner": "Mika Hakkinen",
  },
  {
    "car": "Ferrari",
    "date": 2000-09-09T22:00:00.000Z,
    "grandPrix": "Italy",
    "laps": 53,
    "time": "1:27:31.638",
    "winner": "Michael Schumacher",
  },
  {
    "car": "Ferrari",
    "date": 2000-09-23T22:00:00.000Z,
    "grandPrix": "United States",
    "laps": 73,
    "time": "1:36:30.883",
    "winner": "Michael Schumacher",
  },
  {
    "car": "Ferrari",
    "date": 2000-10-07T22:00:00.000Z,
    "grandPrix": "Japan",
    "laps": 53,
    "time": "1:29:53.435",
    "winner": "Michael Schumacher",
  },
  {
    "car": "Ferrari",
    "date": 2000-10-21T22:00:00.000Z,
    "grandPrix": "Malaysia",
    "laps": 56,
    "time": "1:35:54.235",
    "winner": "Michael Schumacher",
  },
]
`;
