// Jest Snapshot v1, https://goo.gl/fbAQLP

exports[`current teams data 1`] = `
[
  {
    "carImage": "https://www.formula1.com/content/dam/fom-website/teams/2022/red-bull-racing.png.transform/4col/image.png",
    "carLogo": "https://www.formula1.com/content/dam/fom-website/teams/2022/red-bull-racing-logo.png.transform/2col/image.png",
    "drivers": [
      "Max Verstappen",
      "Sergio Perez",
    ],
    "name": "Red Bull Racing",
    "points": 656,
    "rank": 1,
  },
  {
    "carImage": "https://www.formula1.com/content/dam/fom-website/teams/2022/ferrari.png.transform/4col/image.png",
    "carLogo": "https://www.formula1.com/content/dam/fom-website/teams/2022/ferrari-logo.png.transform/2col/image.png",
    "drivers": [
      "Carlos Sainz",
      "Charles Leclerc",
    ],
    "name": "Ferrari",
    "points": 469,
    "rank": 2,
  },
  {
    "carImage": "https://www.formula1.com/content/dam/fom-website/teams/2022/mercedes.png.transform/4col/image.png",
    "carLogo": "https://www.formula1.com/content/dam/fom-website/teams/2022/mercedes-logo.png.transform/2col/image.png",
    "drivers": [
      "George Russell",
      "Lewis Hamilton",
    ],
    "name": "Mercedes",
    "points": 416,
    "rank": 3,
  },
  {
    "carImage": "https://www.formula1.com/content/dam/fom-website/teams/2022/alpine.png.transform/4col/image.png",
    "carLogo": "https://www.formula1.com/content/dam/fom-website/teams/2022/alpine-logo.png.transform/2col/image.png",
    "drivers": [
      "Esteban Ocon",
      "Fernando Alonso",
    ],
    "name": "Alpine",
    "points": 144,
    "rank": 4,
  },
  {
    "carImage": "https://www.formula1.com/content/dam/fom-website/teams/2022/mclaren.png.transform/4col/image.png",
    "carLogo": "https://www.formula1.com/content/dam/fom-website/teams/2022/mclaren-logo.png.transform/2col/image.png",
    "drivers": [
      "Lando Norris",
      "Daniel Ricciardo",
    ],
    "name": "McLaren",
    "points": 138,
    "rank": 5,
  },
  {
    "carImage": "https://www.formula1.com/content/dam/fom-website/teams/2022/alfa-romeo.png.transform/4col/image.png",
    "carLogo": "https://www.formula1.com/content/dam/fom-website/teams/2022/alfa-romeo-logo.png.transform/2col/image.png",
    "drivers": [
      "Guanyu Zhou",
      "Valtteri Bottas",
    ],
    "name": "Alfa Romeo",
    "points": 52,
    "rank": 6,
  },
  {
    "carImage": "https://www.formula1.com/content/dam/fom-website/teams/2022/aston-martin.png.transform/4col/image.png",
    "carLogo": "https://www.formula1.com/content/dam/fom-website/teams/2022/aston-martin-logo.png.transform/2col/image.png",
    "drivers": [
      "Sebastian Vettel",
      "Lance Stroll",
    ],
    "name": "Aston Martin",
    "points": 51,
    "rank": 7,
  },
  {
    "carImage": "https://www.formula1.com/content/dam/fom-website/teams/2022/haas-f1-team.png.transform/4col/image.png",
    "carLogo": "https://www.formula1.com/content/dam/fom-website/teams/2022/haas-f1-team-logo.png.transform/2col/image.png",
    "drivers": [
      "Mick Schumacher",
      "Kevin Magnussen",
    ],
    "name": "Haas F1 Team",
    "points": 38,
    "rank": 8,
  },
  {
    "carImage": "https://www.formula1.com/content/dam/fom-website/teams/2022/alphatauri.png.transform/4col/image.png",
    "carLogo": "https://www.formula1.com/content/dam/fom-website/teams/2022/alphatauri-logo.png.transform/2col/image.png",
    "drivers": [
      "Pierre Gasly",
      "Yuki Tsunoda",
    ],
    "name": "AlphaTauri",
    "points": 36,
    "rank": 9,
  },
  {
    "carImage": "https://www.formula1.com/content/dam/fom-website/teams/2022/williams.png.transform/4col/image.png",
    "carLogo": "https://www.formula1.com/content/dam/fom-website/teams/2022/williams-logo.png.transform/2col/image.png",
    "drivers": [
      "Nicholas Latifi",
      "Alexander Albon",
    ],
    "name": "Williams",
    "points": 8,
    "rank": 10,
  },
]
`;
